{"event" : "addFixtureTypes", "data" : [{"fixtureTypeId" : "7fb33577-09c9-4bf0-be3b-ef0dc3bef4be", "manufacturer" : "Robe lighting", "modes" : [{"channelCount" : 49, "channelFunctions" : [{"dmxFrom" : 0, "dmxTo" : 65535, "multiByteChannelInd" : 0, "name" : "Pan"}, {"dmxFrom" : 0, "dmxTo" : 65535, "multiByteChannelInd" : 1, "name" : "Tilt"}, {"dmxFrom" : 0, "dmxTo" : 255, "multiByteChannelInd" : 2, "name" : "PositionMSpeed"}, {"dmxFrom" : 0, "dmxTo" : 9, "multiByteChannelInd" : 3, "name" : "NoFeature"}, {"dmxFrom" : 10, "dmxTo" : 19, "multiByteChannelInd" : 3, "name" : "DMXInput"}, {"dmxFrom" : 20, "dmxTo" : 29, "multiByteChannelInd" : 3, "name" : "DisplayIntensity"}, {"dmxFrom" : 30, "dmxTo" : 39, "multiByteChannelInd" : 3, "name" : "NoFeature 4"}, {"dmxFrom" : 40, "dmxTo" : 49, "multiByteChannelInd" : 3, "name" : "PanTiltMode"}, {"dmxFrom" : 50, "dmxTo" : 79, "multiByteChannelInd" : 3, "name" : "BlackoutMode"}, {"dmxFrom" : 80, "dmxTo" : 89, "multiByteChannelInd" : 3, "name" : "FanMode"}, {"dmxFrom" : 90, "dmxTo" : 99, "multiByteChannelInd" : 3, "name" : "High Power mode"}, {"dmxFrom" : 100, "dmxTo" : 109, "multiByteChannelInd" : 3, "name" : "NoFeature 9"}, {"dmxFrom" : 110, "dmxTo" : 119, "multiByteChannelInd" : 3, "name" : "DimmerCurve"}, {"dmxFrom" : 120, "dmxTo" : 129, "multiByteChannelInd" : 3, "name" : "ParkingPosition"}, {"dmxFrom" : 130, "dmxTo" : 139, "multiByteChannelInd" : 3, "name" : "NonPositionReset"}, {"dmxFrom" : 140, "dmxTo" : 149, "multiByteChannelInd" : 3, "name" : "PositionReset"}, {"dmxFrom" : 150, "dmxTo" : 159, "multiByteChannelInd" : 3, "name" : "ColorMixReset"}, {"dmxFrom" : 160, "dmxTo" : 169, "multiByteChannelInd" : 3, "name" : "GoboWheelReset"}, {"dmxFrom" : 170, "dmxTo" : 179, "multiByteChannelInd" : 3, "name" : "NoFeature 16"}, {"dmxFrom" : 180, "dmxTo" : 189, "multiByteChannelInd" : 3, "name" : "ZoomReset"}, {"dmxFrom" : 190, "dmxTo" : 199, "multiByteChannelInd" : 3, "name" : "IrisReset"}, {"dmxFrom" : 200, "dmxTo" : 209, "multiByteChannelInd" : 3, "name" : "FixtureGlobalReset"}, {"dmxFrom" : 210, "dmxTo" : 224, "multiByteChannelInd" : 3, "name" : "NoFeature 20"}, {"dmxFrom" : 225, "dmxTo" : 239, "multiByteChannelInd" : 3, "name" : "RoboSpot"}, {"dmxFrom" : 240, "dmxTo" : 255, "multiByteChannelInd" : 3, "name" : "Fans"}, {"dmxFrom" : 0, "dmxTo" : 24, "multiByteChannelInd" : 4, "name" : "LEDFrequency"}, {"dmxFrom" : 25, "dmxTo" : 255, "multiByteChannelInd" : 4, "name" : "NoFeature"}, {"dmxFrom" : 0, "dmxTo" : 255, "multiByteChannelInd" : 5, "name" : "LEDFrequencyAdjust"}, {"dmxFrom" : 0, "dmxTo" : 100, "multiByteChannelInd" : 6, "name" : "IntensityIndication"}, {"dmxFrom" : 101, "dmxTo" : 255, "multiByteChannelInd" : 6, "name" : "NoFeature"}, {"dmxFrom" : 0, "dmxTo" : 48639, "multiByteChannelInd" : 7, "name" : "Color1"}, {"dmxFrom" : 48640, "dmxTo" : 62463, "multiByteChannelInd" : 7, "name" : "Color1WheelSpin"}, {"dmxFrom" : 62464, "dmxTo" : 63999, "multiByteChannelInd" : 7, "name" : "Color1WheelAudio"}, {"dmxFrom" : 64000, "dmxTo" : 65535, "multiByteChannelInd" : 7, "name" : "Color1WheelRandom"}, {"dmxFrom" : 0, "dmxTo" : 48639, "multiByteChannelInd" : 8, "name" : "Color2"}, {"dmxFrom" : 48640, "dmxTo" : 62463, "multiByteChannelInd" : 8, "name" : "Color2WheelSpin"}, {"dmxFrom" : 62464, "dmxTo" : 63999, "multiByteChannelInd" : 8, "name" : "Color2WheelAudio"}, {"dmxFrom" : 64000, "dmxTo" : 65535, "multiByteChannelInd" : 8, "name" : "Color2WheelRandom"}, {"dmxFrom" : 0, "dmxTo" : 255, "multiByteChannelInd" : 9, "name" : "Cyan"}, {"dmxFrom" : 0, "dmxTo" : 255, "multiByteChannelInd" : 10, "name" : "Magenta"}, {"dmxFrom" : 0, "dmxTo" : 255, "multiByteChannelInd" : 11, "name" : "Yellow"}, {"dmxFrom" : 0, "dmxTo" : 255, "multiByteChannelInd" : 12, "name" : "CTO"}, {"dmxFrom" : 0, "dmxTo" : 132, "multiByteChannelInd" : 13, "name" : "ColorMacro"}, {"dmxFrom" : 133, "dmxTo" : 255, "multiByteChannelInd" : 13, "name" : "NoFeature"}, {"dmxFrom" : 0, "dmxTo" : 255, "multiByteChannelInd" : 14, "name" : "CMY CTO Gobo speed"}, {"dmxFrom" : 0, "dmxTo" : 255, "multiByteChannelInd" : 15, "name" : "ColorMixMTime"}, {"dmxFrom" : 0, "dmxTo" : 255, "multiByteChannelInd" : 16, "name" : "EffetsTime"}, {"dmxFrom" : 0, "dmxTo" : 127, "multiByteChannelInd" : 17, "name" : "EffectWheelIndex"}, {"dmxFrom" : 128, "dmxTo" : 255, "multiByteChannelInd" : 17, "name" : "EffectWheelRamp"}, {"dmxFrom" : 0, "dmxTo" : 255, "multiByteChannelInd" : 18, "name" : "AnimationWheel1PosRotate 1"}, {"dmxFrom" : 0, "dmxTo" : 27, "multiByteChannelInd" : 19, "name" : "AnimationWheel1Macro"}, {"dmxFrom" : 28, "dmxTo" : 255, "multiByteChannelInd" : 19, "name" : "NoFeature"}, {"dmxFrom" : 0, "dmxTo" : 91, "multiByteChannelInd" : 20, "name" : "StaticGobo"}, {"dmxFrom" : 92, "dmxTo" : 201, "multiByteChannelInd" : 20, "name" : "StaticGoboShake"}, {"dmxFrom" : 202, "dmxTo" : 243, "multiByteChannelInd" : 20, "name" : "StaticGoboSpin"}, {"dmxFrom" : 244, "dmxTo" : 249, "multiByteChannelInd" : 20, "name" : "StaticGoboAudio"}, {"dmxFrom" : 250, "dmxTo" : 255, "multiByteChannelInd" : 20, "name" : "StaticGoboRandom"}, {"dmxFrom" : 0, "dmxTo" : 31, "multiByteChannelInd" : 21, "name" : "RotatingGobo index"}, {"dmxFrom" : 32, "dmxTo" : 59, "multiByteChannelInd" : 21, "name" : "RotatingGobo rotate"}, {"dmxFrom" : 60, "dmxTo" : 129, "multiByteChannelInd" : 21, "name" : "RotatingGoboShake index"}, {"dmxFrom" : 130, "dmxTo" : 201, "multiByteChannelInd" : 21, "name" : "RotatingGoboShake rotation"}, {"dmxFrom" : 202, "dmxTo" : 243, "multiByteChannelInd" : 21, "name" : "RotatingGoboSpin"}, {"dmxFrom" : 244, "dmxTo" : 249, "multiByteChannelInd" : 21, "name" : "RotatingGoboAudio"}, {"dmxFrom" : 250, "dmxTo" : 255, "multiByteChannelInd" : 21, "name" : "RotatingGoboRandom"}, {"dmxFrom" : 0, "dmxTo" : 65535, "multiByteChannelInd" : 22, "name" : "RotatingGoboPosIndex"}, {"dmxFrom" : 0, "dmxTo" : 65535, "multiByteChannelInd" : 22, "name" : "RotatingShakePosIndex"}, {"dmxFrom" : 0, "dmxTo" : 65535, "multiByteChannelInd" : 22, "name" : "RotatingGoboPosRotation"}, {"dmxFrom" : 0, "dmxTo" : 65535, "multiByteChannelInd" : 22, "name" : "RotatingGoboShakePosRotation "}, {"dmxFrom" : 0, "dmxTo" : 127, "multiByteChannelInd" : 23, "name" : "Prism"}, {"dmxFrom" : 128, "dmxTo" : 255, "multiByteChannelInd" : 23, "name" : "PrismMacro"}, {"dmxFrom" : 0, "dmxTo" : 255, "multiByteChannelInd" : 24, "name" : "PrismPos"}, {"dmxFrom" : 0, "dmxTo" : 255, "multiByteChannelInd" : 24, "name" : "PrismPosRotate"}, {"dmxFrom" : 0, "dmxTo" : 83, "multiByteChannelInd" : 25, "name" : "Light Frost"}, {"dmxFrom" : 84, "dmxTo" : 169, "multiByteChannelInd" : 25, "name" : "Medium Frost"}, {"dmxFrom" : 170, "dmxTo" : 255, "multiByteChannelInd" : 25, "name" : "Combined Frost"}, {"dmxFrom" : 0, "dmxTo" : 49151, "multiByteChannelInd" : 26, "name" : "Iris"}, {"dmxFrom" : 49152, "dmxTo" : 56319, "multiByteChannelInd" : 26, "name" : "IrisPulseOpen"}, {"dmxFrom" : 56320, "dmxTo" : 63487, "multiByteChannelInd" : 26, "name" : "IrisPulseClose"}, {"dmxFrom" : 63488, "dmxTo" : 65535, "multiByteChannelInd" : 26, "name" : "IrisStrobeRandom"}, {"dmxFrom" : 0, "dmxTo" : 65535, "multiByteChannelInd" : 27, "name" : "Zoom"}, {"dmxFrom" : 0, "dmxTo" : 65535, "multiByteChannelInd" : 28, "name" : "Focus"}, {"dmxFrom" : 0, "dmxTo" : 255, "multiByteChannelInd" : 29, "name" : "ShaperRot"}, {"dmxFrom" : 0, "dmxTo" : 255, "multiByteChannelInd" : 30, "name" : "Blade 1 - movement"}, {"dmxFrom" : 0, "dmxTo" : 255, "multiByteChannelInd" : 31, "name" : "Blade 1 - swivelling"}, {"dmxFrom" : 0, "dmxTo" : 255, "multiByteChannelInd" : 32, "name" : "Blade 2 - movement"}, {"dmxFrom" : 0, "dmxTo" : 255, "multiByteChannelInd" : 33, "name" : "Blade 2 - swivelling"}, {"dmxFrom" : 0, "dmxTo" : 255, "multiByteChannelInd" : 34, "name" : "Blade 3 - movement"}, {"dmxFrom" : 0, "dmxTo" : 255, "multiByteChannelInd" : 35, "name" : "Blade 3 - swivelling"}, {"dmxFrom" : 0, "dmxTo" : 255, "multiByteChannelInd" : 36, "name" : "Blade 4 - movement"}, {"dmxFrom" : 0, "dmxTo" : 255, "multiByteChannelInd" : 37, "name" : "Blade 4 - swivelling"}, {"dmxFrom" : 0, "dmxTo" : 63, "multiByteChannelInd" : 38, "name" : "Shutter 1"}, {"dmxFrom" : 64, "dmxTo" : 95, "multiByteChannelInd" : 38, "name" : "Strobe "}, {"dmxFrom" : 96, "dmxTo" : 127, "multiByteChannelInd" : 38, "name" : "Shutter 2"}, {"dmxFrom" : 128, "dmxTo" : 143, "multiByteChannelInd" : 38, "name" : "StrobePulseOpen"}, {"dmxFrom" : 144, "dmxTo" : 159, "multiByteChannelInd" : 38, "name" : "StrobePulseClose"}, {"dmxFrom" : 160, "dmxTo" : 191, "multiByteChannelInd" : 38, "name" : "Shutter 3"}, {"dmxFrom" : 192, "dmxTo" : 223, "multiByteChannelInd" : 38, "name" : "StrobeRandom"}, {"dmxFrom" : 224, "dmxTo" : 255, "multiByteChannelInd" : 38, "name" : "Shutter 4"}, {"dmxFrom" : 0, "dmxTo" : 65535, "multiByteChannelInd" : 39, "name" : "Dimmer"}], "channelLayout" : [["yoke_Pan (1/2)", "yoke_Pan (2/2)", "head_Tilt (1/2)", "head_Tilt (2/2)", "base_PositionMSpeed", "base_Control1", "base_LEDFrequency", "base_LEDFrequencyAdjust", "base_IntensityIndication", "head_Color1 (1/2)", "head_Color1 (2/2)", "head_Color2 (1/2)", "head_Color2 (2/2)", "head_ColorSub_C", "head_ColorSub_M", "head_ColorSub_Y", "head_CTO", "head_ColorMacro1", "base_ColorMixMSpeed", "base_ColorMixMTime", "base_ZoomMSpeed", "base_AnimationWheel1", "base_AnimationWheel1Pos", "base_AnimationWheel1Macro", "head_Gobo1", "head_Gobo2", "head_Gobo2Pos (1/2)", "head_Gobo2Pos (2/2)", "head_Prism1", "head_Prism1Pos", "head_Frost1", "head_Iris (1/2)", "head_Iris (2/2)", "head_Zoom (1/2)", "head_Zoom (2/2)", "head_Focus1 (1/2)", "head_Focus1 (2/2)", "head_ShaperRot", "head_Blade1A", "head_Blade1Rot", "head_Blade2A", "head_Blade2Rot", "head_Blade3A", "head_Blade3Rot", "head_Blade4A", "head_Blade4Rot", "head_Shutter1", "head_Dimmer (1/2)", "head_Dimmer (2/2)"]], "multiByteChannels" : [{"bytes" : 2, "channelFunctionIndices" : {"endInclusive" : 0, "start" : 0, "first" : 0, "last" : 0, "step" : 1}, "dmxBreak" : 1, "name" : "yoke_Pan", "offsets" : [1, 2]}, {"bytes" : 2, "channelFunctionIndices" : {"endInclusive" : 1, "start" : 1, "first" : 1, "last" : 1, "step" : 1}, "dmxBreak" : 1, "name" : "head_Tilt", "offsets" : [3, 4]}, {"bytes" : 1, "channelFunctionIndices" : {"endInclusive" : 2, "start" : 2, "first" : 2, "last" : 2, "step" : 1}, "dmxBreak" : 1, "name" : "base_PositionMSpeed", "offsets" : [5]}, {"bytes" : 1, "channelFunctionIndices" : {"endInclusive" : 24, "start" : 3, "first" : 3, "last" : 24, "step" : 1}, "dmxBreak" : 1, "name" : "base_Control1", "offsets" : [6]}, {"bytes" : 1, "channelFunctionIndices" : {"endInclusive" : 26, "start" : 25, "first" : 25, "last" : 26, "step" : 1}, "dmxBreak" : 1, "name" : "base_LEDFrequency", "offsets" : [7]}, {"bytes" : 1, "channelFunctionIndices" : {"endInclusive" : 27, "start" : 27, "first" : 27, "last" : 27, "step" : 1}, "dmxBreak" : 1, "name" : "base_LEDFrequencyAdjust", "offsets" : [8]}, {"bytes" : 1, "channelFunctionIndices" : {"endInclusive" : 29, "start" : 28, "first" : 28, "last" : 29, "step" : 1}, "dmxBreak" : 1, "name" : "base_IntensityIndication", "offsets" : [9]}, {"bytes" : 2, "channelFunctionIndices" : {"endInclusive" : 33, "start" : 30, "first" : 30, "last" : 33, "step" : 1}, "dmxBreak" : 1, "name" : "head_Color1", "offsets" : [10, 11]}, {"bytes" : 2, "channelFunctionIndices" : {"endInclusive" : 37, "start" : 34, "first" : 34, "last" : 37, "step" : 1}, "dmxBreak" : 1, "name" : "head_Color2", "offsets" : [12, 13]}, {"bytes" : 1, "channelFunctionIndices" : {"endInclusive" : 38, "start" : 38, "first" : 38, "last" : 38, "step" : 1}, "dmxBreak" : 1, "name" : "head_ColorSub_C", "offsets" : [14]}, {"bytes" : 1, "channelFunctionIndices" : {"endInclusive" : 39, "start" : 39, "first" : 39, "last" : 39, "step" : 1}, "dmxBreak" : 1, "name" : "head_ColorSub_M", "offsets" : [15]}, {"bytes" : 1, "channelFunctionIndices" : {"endInclusive" : 40, "start" : 40, "first" : 40, "last" : 40, "step" : 1}, "dmxBreak" : 1, "name" : "head_ColorSub_Y", "offsets" : [16]}, {"bytes" : 1, "channelFunctionIndices" : {"endInclusive" : 41, "start" : 41, "first" : 41, "last" : 41, "step" : 1}, "dmxBreak" : 1, "name" : "head_CTO", "offsets" : [17]}, {"bytes" : 1, "channelFunctionIndices" : {"endInclusive" : 43, "start" : 42, "first" : 42, "last" : 43, "step" : 1}, "dmxBreak" : 1, "name" : "head_ColorMacro1", "offsets" : [18]}, {"bytes" : 1, "channelFunctionIndices" : {"endInclusive" : 44, "start" : 44, "first" : 44, "last" : 44, "step" : 1}, "dmxBreak" : 1, "name" : "base_ColorMixMSpeed", "offsets" : [19]}, {"bytes" : 1, "channelFunctionIndices" : {"endInclusive" : 45, "start" : 45, "first" : 45, "last" : 45, "step" : 1}, "dmxBreak" : 1, "name" : "base_ColorMixMTime", "offsets" : [20]}, {"bytes" : 1, "channelFunctionIndices" : {"endInclusive" : 46, "start" : 46, "first" : 46, "last" : 46, "step" : 1}, "dmxBreak" : 1, "name" : "base_ZoomMSpeed", "offsets" : [21]}, {"bytes" : 1, "channelFunctionIndices" : {"endInclusive" : 48, "start" : 47, "first" : 47, "last" : 48, "step" : 1}, "dmxBreak" : 1, "name" : "base_AnimationWheel1", "offsets" : [22]}, {"bytes" : 1, "channelFunctionIndices" : {"endInclusive" : 49, "start" : 49, "first" : 49, "last" : 49, "step" : 1}, "dmxBreak" : 1, "name" : "base_AnimationWheel1Pos", "offsets" : [23]}, {"bytes" : 1, "channelFunctionIndices" : {"endInclusive" : 51, "start" : 50, "first" : 50, "last" : 51, "step" : 1}, "dmxBreak" : 1, "name" : "base_AnimationWheel1Macro", "offsets" : [24]}, {"bytes" : 1, "channelFunctionIndices" : {"endInclusive" : 56, "start" : 52, "first" : 52, "last" : 56, "step" : 1}, "dmxBreak" : 1, "name" : "head_Gobo1", "offsets" : [25]}, {"bytes" : 1, "channelFunctionIndices" : {"endInclusive" : 63, "start" : 57, "first" : 57, "last" : 63, "step" : 1}, "dmxBreak" : 1, "name" : "head_Gobo2", "offsets" : [26]}, {"bytes" : 2, "channelFunctionIndices" : {"endInclusive" : 67, "start" : 64, "first" : 64, "last" : 67, "step" : 1}, "dmxBreak" : 1, "name" : "head_Gobo2Pos", "offsets" : [27, 28]}, {"bytes" : 1, "channelFunctionIndices" : {"endInclusive" : 69, "start" : 68, "first" : 68, "last" : 69, "step" : 1}, "dmxBreak" : 1, "name" : "head_Prism1", "offsets" : [29]}, {"bytes" : 1, "channelFunctionIndices" : {"endInclusive" : 71, "start" : 70, "first" : 70, "last" : 71, "step" : 1}, "dmxBreak" : 1, "name" : "head_Prism1Pos", "offsets" : [30]}, {"bytes" : 1, "channelFunctionIndices" : {"endInclusive" : 74, "start" : 72, "first" : 72, "last" : 74, "step" : 1}, "dmxBreak" : 1, "name" : "head_Frost1", "offsets" : [31]}, {"bytes" : 2, "channelFunctionIndices" : {"endInclusive" : 78, "start" : 75, "first" : 75, "last" : 78, "step" : 1}, "dmxBreak" : 1, "name" : "head_Iris", "offsets" : [32, 33]}, {"bytes" : 2, "channelFunctionIndices" : {"endInclusive" : 79, "start" : 79, "first" : 79, "last" : 79, "step" : 1}, "dmxBreak" : 1, "name" : "head_Zoom", "offsets" : [34, 35]}, {"bytes" : 2, "channelFunctionIndices" : {"endInclusive" : 80, "start" : 80, "first" : 80, "last" : 80, "step" : 1}, "dmxBreak" : 1, "name" : "head_Focus1", "offsets" : [36, 37]}, {"bytes" : 1, "channelFunctionIndices" : {"endInclusive" : 81, "start" : 81, "first" : 81, "last" : 81, "step" : 1}, "dmxBreak" : 1, "name" : "head_ShaperRot", "offsets" : [38]}, {"bytes" : 1, "channelFunctionIndices" : {"endInclusive" : 82, "start" : 82, "first" : 82, "last" : 82, "step" : 1}, "dmxBreak" : 1, "name" : "head_Blade1A", "offsets" : [39]}, {"bytes" : 1, "channelFunctionIndices" : {"endInclusive" : 83, "start" : 83, "first" : 83, "last" : 83, "step" : 1}, "dmxBreak" : 1, "name" : "head_Blade1Rot", "offsets" : [40]}, {"bytes" : 1, "channelFunctionIndices" : {"endInclusive" : 84, "start" : 84, "first" : 84, "last" : 84, "step" : 1}, "dmxBreak" : 1, "name" : "head_Blade2A", "offsets" : [41]}, {"bytes" : 1, "channelFunctionIndices" : {"endInclusive" : 85, "start" : 85, "first" : 85, "last" : 85, "step" : 1}, "dmxBreak" : 1, "name" : "head_Blade2Rot", "offsets" : [42]}, {"bytes" : 1, "channelFunctionIndices" : {"endInclusive" : 86, "start" : 86, "first" : 86, "last" : 86, "step" : 1}, "dmxBreak" : 1, "name" : "head_Blade3A", "offsets" : [43]}, {"bytes" : 1, "channelFunctionIndices" : {"endInclusive" : 87, "start" : 87, "first" : 87, "last" : 87, "step" : 1}, "dmxBreak" : 1, "name" : "head_Blade3Rot", "offsets" : [44]}, {"bytes" : 1, "channelFunctionIndices" : {"endInclusive" : 88, "start" : 88, "first" : 88, "last" : 88, "step" : 1}, "dmxBreak" : 1, "name" : "head_Blade4A", "offsets" : [45]}, {"bytes" : 1, "channelFunctionIndices" : {"endInclusive" : 89, "start" : 89, "first" : 89, "last" : 89, "step" : 1}, "dmxBreak" : 1, "name" : "head_Blade4Rot", "offsets" : [46]}, {"bytes" : 1, "channelFunctionIndices" : {"endInclusive" : 97, "start" : 90, "first" : 90, "last" : 97, "step" : 1}, "dmxBreak" : 1, "name" : "head_Shutter1", "offsets" : [47]}, {"bytes" : 2, "channelFunctionIndices" : {"endInclusive" : 98, "start" : 98, "first" : 98, "last" : 98, "step" : 1}, "dmxBreak" : 1, "name" : "head_Dimmer", "offsets" : [48, 49]}], "name" : "mode1"}, {"channelCount" : 42, "channelFunctions" : [{"dmxFrom" : 0, "dmxTo" : 65535, "multiByteChannelInd" : 0, "name" : "Pan"}, {"dmxFrom" : 0, "dmxTo" : 65535, "multiByteChannelInd" : 1, "name" : "Tilt"}, {"dmxFrom" : 0, "dmxTo" : 255, "multiByteChannelInd" : 2, "name" : "PositionMSpeed"}, {"dmxFrom" : 0, "dmxTo" : 9, "multiByteChannelInd" : 3, "name" : "NoFeature"}, {"dmxFrom" : 10, "dmxTo" : 19, "multiByteChannelInd" : 3, "name" : "DMXInput"}, {"dmxFrom" : 20, "dmxTo" : 29, "multiByteChannelInd" : 3, "name" : "DisplayIntensity"}, {"dmxFrom" : 30, "dmxTo" : 39, "multiByteChannelInd" : 3, "name" : "NoFeature 4"}, {"dmxFrom" : 40, "dmxTo" : 49, "multiByteChannelInd" : 3, "name" : "PanTiltMode"}, {"dmxFrom" : 50, "dmxTo" : 79, "multiByteChannelInd" : 3, "name" : "BlackoutMode"}, {"dmxFrom" : 80, "dmxTo" : 89, "multiByteChannelInd" : 3, "name" : "FanMode"}, {"dmxFrom" : 90, "dmxTo" : 99, "multiByteChannelInd" : 3, "name" : "High Power mode"}, {"dmxFrom" : 100, "dmxTo" : 109, "multiByteChannelInd" : 3, "name" : "NoFeature 9"}, {"dmxFrom" : 110, "dmxTo" : 119, "multiByteChannelInd" : 3, "name" : "DimmerCurve"}, {"dmxFrom" : 120, "dmxTo" : 129, "multiByteChannelInd" : 3, "name" : "ParkingPosition"}, {"dmxFrom" : 130, "dmxTo" : 139, "multiByteChannelInd" : 3, "name" : "NonPositionReset"}, {"dmxFrom" : 140, "dmxTo" : 149, "multiByteChannelInd" : 3, "name" : "PositionReset"}, {"dmxFrom" : 150, "dmxTo" : 159, "multiByteChannelInd" : 3, "name" : "ColorMixReset"}, {"dmxFrom" : 160, "dmxTo" : 169, "multiByteChannelInd" : 3, "name" : "GoboWheelReset"}, {"dmxFrom" : 170, "dmxTo" : 179, "multiByteChannelInd" : 3, "name" : "NoFeature 16"}, {"dmxFrom" : 180, "dmxTo" : 189, "multiByteChannelInd" : 3, "name" : "ZoomReset"}, {"dmxFrom" : 190, "dmxTo" : 199, "multiByteChannelInd" : 3, "name" : "IrisReset"}, {"dmxFrom" : 200, "dmxTo" : 209, "multiByteChannelInd" : 3, "name" : "FixtureGlobalReset"}, {"dmxFrom" : 210, "dmxTo" : 224, "multiByteChannelInd" : 3, "name" : "NoFeature 20"}, {"dmxFrom" : 225, "dmxTo" : 239, "multiByteChannelInd" : 3, "name" : "RoboSpot"}, {"dmxFrom" : 240, "dmxTo" : 255, "multiByteChannelInd" : 3, "name" : "Fans"}, {"dmxFrom" : 0, "dmxTo" : 24, "multiByteChannelInd" : 4, "name" : "LEDFrequency"}, {"dmxFrom" : 25, "dmxTo" : 255, "multiByteChannelInd" : 4, "name" : "NoFeature"}, {"dmxFrom" : 0, "dmxTo" : 255, "multiByteChannelInd" : 5, "name" : "LEDFrequencyAdjust"}, {"dmxFrom" : 0, "dmxTo" : 100, "multiByteChannelInd" : 6, "name" : "IntensityIndication"}, {"dmxFrom" : 101, "dmxTo" : 255, "multiByteChannelInd" : 6, "name" : "NoFeature"}, {"dmxFrom" : 0, "dmxTo" : 189, "multiByteChannelInd" : 7, "name" : "Color1"}, {"dmxFrom" : 190, "dmxTo" : 243, "multiByteChannelInd" : 7, "name" : "Color1WheelSpin"}, {"dmxFrom" : 244, "dmxTo" : 249, "multiByteChannelInd" : 7, "name" : "Color1WheelAudio"}, {"dmxFrom" : 250, "dmxTo" : 255, "multiByteChannelInd" : 7, "name" : "Color1WheelRandom"}, {"dmxFrom" : 0, "dmxTo" : 189, "multiByteChannelInd" : 8, "name" : "Color2"}, {"dmxFrom" : 190, "dmxTo" : 243, "multiByteChannelInd" : 8, "name" : "Color2WheelSpin"}, {"dmxFrom" : 244, "dmxTo" : 249, "multiByteChannelInd" : 8, "name" : "Color2WheelAudio"}, {"dmxFrom" : 250, "dmxTo" : 255, "multiByteChannelInd" : 8, "name" : "Color2WheelRandom"}, {"dmxFrom" : 0, "dmxTo" : 255, "multiByteChannelInd" : 9, "name" : "Cyan"}, {"dmxFrom" : 0, "dmxTo" : 255, "multiByteChannelInd" : 10, "name" : "Magenta"}, {"dmxFrom" : 0, "dmxTo" : 255, "multiByteChannelInd" : 11, "name" : "Yellow"}, {"dmxFrom" : 0, "dmxTo" : 255, "multiByteChannelInd" : 12, "name" : "CTO"}, {"dmxFrom" : 0, "dmxTo" : 132, "multiByteChannelInd" : 13, "name" : "ColorMacro"}, {"dmxFrom" : 133, "dmxTo" : 255, "multiByteChannelInd" : 13, "name" : "NoFeature"}, {"dmxFrom" : 0, "dmxTo" : 255, "multiByteChannelInd" : 14, "name" : "CMY CTO Gobo speed"}, {"dmxFrom" : 0, "dmxTo" : 255, "multiByteChannelInd" : 15, "name" : "ColorMixMTime"}, {"dmxFrom" : 0, "dmxTo" : 255, "multiByteChannelInd" : 16, "name" : "EffetsTime"}, {"dmxFrom" : 0, "dmxTo" : 127, "multiByteChannelInd" : 17, "name" : "EffectWheelIndex"}, {"dmxFrom" : 128, "dmxTo" : 255, "multiByteChannelInd" : 17, "name" : "EffectWheelRamp"}, {"dmxFrom" : 0, "dmxTo" : 255, "multiByteChannelInd" : 18, "name" : "AnimationWheel1PosRotate 1"}, {"dmxFrom" : 0, "dmxTo" : 27, "multiByteChannelInd" : 19, "name" : "AnimationWheel1Macro"}, {"dmxFrom" : 28, "dmxTo" : 255, "multiByteChannelInd" : 19, "name" : "NoFeature"}, {"dmxFrom" : 0, "dmxTo" : 91, "multiByteChannelInd" : 20, "name" : "StaticGobo"}, {"dmxFrom" : 92, "dmxTo" : 201, "multiByteChannelInd" : 20, "name" : "StaticGoboShake"}, {"dmxFrom" : 202, "dmxTo" : 243, "multiByteChannelInd" : 20, "name" : "StaticGoboSpin"}, {"dmxFrom" : 244, "dmxTo" : 249, "multiByteChannelInd" : 20, "name" : "StaticGoboAudio"}, {"dmxFrom" : 250, "dmxTo" : 255, "multiByteChannelInd" : 20, "name" : "StaticGoboRandom"}, {"dmxFrom" : 0, "dmxTo" : 31, "multiByteChannelInd" : 21, "name" : "RotatingGobo index"}, {"dmxFrom" : 32, "dmxTo" : 59, "multiByteChannelInd" : 21, "name" : "RotatingGobo rotate"}, {"dmxFrom" : 60, "dmxTo" : 201, "multiByteChannelInd" : 21, "name" : "RotatingGoboShake"}, {"dmxFrom" : 202, "dmxTo" : 243, "multiByteChannelInd" : 21, "name" : "RotatingGoboSpin"}, {"dmxFrom" : 244, "dmxTo" : 249, "multiByteChannelInd" : 21, "name" : "RotatingGoboAudio"}, {"dmxFrom" : 250, "dmxTo" : 255, "multiByteChannelInd" : 21, "name" : "RotatingGoboRandom"}, {"dmxFrom" : 0, "dmxTo" : 255, "multiByteChannelInd" : 22, "name" : "RotatingGoboPosIndex"}, {"dmxFrom" : 0, "dmxTo" : 255, "multiByteChannelInd" : 22, "name" : "RotatingShakePosIndex"}, {"dmxFrom" : 0, "dmxTo" : 255, "multiByteChannelInd" : 22, "name" : "RotatingGoboPosRotation"}, {"dmxFrom" : 0, "dmxTo" : 255, "multiByteChannelInd" : 22, "name" : "RotatingGoboShakePosRotation "}, {"dmxFrom" : 0, "dmxTo" : 127, "multiByteChannelInd" : 23, "name" : "Prism"}, {"dmxFrom" : 128, "dmxTo" : 255, "multiByteChannelInd" : 23, "name" : "PrismMacro"}, {"dmxFrom" : 0, "dmxTo" : 255, "multiByteChannelInd" : 24, "name" : "PrismPos"}, {"dmxFrom" : 0, "dmxTo" : 255, "multiByteChannelInd" : 24, "name" : "PrismPosRotate"}, {"dmxFrom" : 0, "dmxTo" : 83, "multiByteChannelInd" : 25, "name" : "Light Frost"}, {"dmxFrom" : 84, "dmxTo" : 169, "multiByteChannelInd" : 25, "name" : "Medium Frost"}, {"dmxFrom" : 170, "dmxTo" : 255, "multiByteChannelInd" : 25, "name" : "Combined Frost"}, {"dmxFrom" : 0, "dmxTo" : 191, "multiByteChannelInd" : 26, "name" : "Iris"}, {"dmxFrom" : 192, "dmxTo" : 219, "multiByteChannelInd" : 26, "name" : "IrisPulseOpen"}, {"dmxFrom" : 220, "dmxTo" : 247, "multiByteChannelInd" : 26, "name" : "IrisPulseClose"}, {"dmxFrom" : 248, "dmxTo" : 255, "multiByteChannelInd" : 26, "name" : "IrisStrobeRandom"}, {"dmxFrom" : 0, "dmxTo" : 255, "multiByteChannelInd" : 27, "name" : "Zoom"}, {"dmxFrom" : 0, "dmxTo" : 255, "multiByteChannelInd" : 28, "name" : "Focus"}, {"dmxFrom" : 0, "dmxTo" : 255, "multiByteChannelInd" : 29, "name" : "ShaperRot"}, {"dmxFrom" : 0, "dmxTo" : 255, "multiByteChannelInd" : 30, "name" : "Blade 1 - movement"}, {"dmxFrom" : 0, "dmxTo" : 255, "multiByteChannelInd" : 31, "name" : "Blade 1 - swivelling"}, {"dmxFrom" : 0, "dmxTo" : 255, "multiByteChannelInd" : 32, "name" : "Blade 2 - movement"}, {"dmxFrom" : 0, "dmxTo" : 255, "multiByteChannelInd" : 33, "name" : "Blade 2 - swivelling"}, {"dmxFrom" : 0, "dmxTo" : 255, "multiByteChannelInd" : 34, "name" : "Blade 3 - movement"}, {"dmxFrom" : 0, "dmxTo" : 255, "multiByteChannelInd" : 35, "name" : "Blade 3 - swivelling"}, {"dmxFrom" : 0, "dmxTo" : 255, "multiByteChannelInd" : 36, "name" : "Blade 4 - movement"}, {"dmxFrom" : 0, "dmxTo" : 255, "multiByteChannelInd" : 37, "name" : "Blade 4 - swivelling"}, {"dmxFrom" : 0, "dmxTo" : 63, "multiByteChannelInd" : 38, "name" : "Shutter 1"}, {"dmxFrom" : 64, "dmxTo" : 95, "multiByteChannelInd" : 38, "name" : "Strobe "}, {"dmxFrom" : 96, "dmxTo" : 127, "multiByteChannelInd" : 38, "name" : "Shutter 2"}, {"dmxFrom" : 128, "dmxTo" : 143, "multiByteChannelInd" : 38, "name" : "StrobePulseOpen"}, {"dmxFrom" : 144, "dmxTo" : 159, "multiByteChannelInd" : 38, "name" : "StrobePulseClose"}, {"dmxFrom" : 160, "dmxTo" : 191, "multiByteChannelInd" : 38, "name" : "Shutter 3"}, {"dmxFrom" : 192, "dmxTo" : 223, "multiByteChannelInd" : 38, "name" : "StrobeRandom"}, {"dmxFrom" : 224, "dmxTo" : 255, "multiByteChannelInd" : 38, "name" : "Shutter 4"}, {"dmxFrom" : 0, "dmxTo" : 255, "multiByteChannelInd" : 39, "name" : "Dimmer"}], "channelLayout" : [["yoke_Pan (1/2)", "yoke_Pan (2/2)", "head_Tilt (1/2)", "head_Tilt (2/2)", "base_PositionMSpeed", "base_Control1", "base_LEDFrequency", "base_LEDFrequencyAdjust", "base_IntensityIndication", "head_Color1", "head_Color2", "head_ColorSub_C", "head_ColorSub_M", "head_ColorSub_Y", "head_CTO", "head_ColorMacro1", "base_ColorMixMSpeed", "base_ColorMixMTime", "base_ZoomMSpeed", "base_AnimationWheel1", "base_AnimationWheel1Pos", "base_AnimationWheel1Macro", "head_Gobo1", "head_Gobo2", "head_Gobo2Pos", "head_Prism1", "head_Prism1Pos", "head_Frost1", "head_Iris", "head_Zoom", "head_Focus1", "head_ShaperRot", "head_Blade1A", "head_Blade1Rot", "head_Blade2A", "head_Blade2Rot", "head_Blade3A", "head_Blade3Rot", "head_Blade4A", "head_Blade4Rot", "head_Shutter1", "head_Dimmer"]], "multiByteChannels" : [{"bytes" : 2, "channelFunctionIndices" : {"endInclusive" : 0, "start" : 0, "first" : 0, "last" : 0, "step" : 1}, "dmxBreak" : 1, "name" : "yoke_Pan", "offsets" : [1, 2]}, {"bytes" : 2, "channelFunctionIndices" : {"endInclusive" : 1, "start" : 1, "first" : 1, "last" : 1, "step" : 1}, "dmxBreak" : 1, "name" : "head_Tilt", "offsets" : [3, 4]}, {"bytes" : 1, "channelFunctionIndices" : {"endInclusive" : 2, "start" : 2, "first" : 2, "last" : 2, "step" : 1}, "dmxBreak" : 1, "name" : "base_PositionMSpeed", "offsets" : [5]}, {"bytes" : 1, "channelFunctionIndices" : {"endInclusive" : 24, "start" : 3, "first" : 3, "last" : 24, "step" : 1}, "dmxBreak" : 1, "name" : "base_Control1", "offsets" : [6]}, {"bytes" : 1, "channelFunctionIndices" : {"endInclusive" : 26, "start" : 25, "first" : 25, "last" : 26, "step" : 1}, "dmxBreak" : 1, "name" : "base_LEDFrequency", "offsets" : [7]}, {"bytes" : 1, "channelFunctionIndices" : {"endInclusive" : 27, "start" : 27, "first" : 27, "last" : 27, "step" : 1}, "dmxBreak" : 1, "name" : "base_LEDFrequencyAdjust", "offsets" : [8]}, {"bytes" : 1, "channelFunctionIndices" : {"endInclusive" : 29, "start" : 28, "first" : 28, "last" : 29, "step" : 1}, "dmxBreak" : 1, "name" : "base_IntensityIndication", "offsets" : [9]}, {"bytes" : 1, "channelFunctionIndices" : {"endInclusive" : 33, "start" : 30, "first" : 30, "last" : 33, "step" : 1}, "dmxBreak" : 1, "name" : "head_Color1", "offsets" : [10]}, {"bytes" : 1, "channelFunctionIndices" : {"endInclusive" : 37, "start" : 34, "first" : 34, "last" : 37, "step" : 1}, "dmxBreak" : 1, "name" : "head_Color2", "offsets" : [11]}, {"bytes" : 1, "channelFunctionIndices" : {"endInclusive" : 38, "start" : 38, "first" : 38, "last" : 38, "step" : 1}, "dmxBreak" : 1, "name" : "head_ColorSub_C", "offsets" : [12]}, {"bytes" : 1, "channelFunctionIndices" : {"endInclusive" : 39, "start" : 39, "first" : 39, "last" : 39, "step" : 1}, "dmxBreak" : 1, "name" : "head_ColorSub_M", "offsets" : [13]}, {"bytes" : 1, "channelFunctionIndices" : {"endInclusive" : 40, "start" : 40, "first" : 40, "last" : 40, "step" : 1}, "dmxBreak" : 1, "name" : "head_ColorSub_Y", "offsets" : [14]}, {"bytes" : 1, "channelFunctionIndices" : {"endInclusive" : 41, "start" : 41, "first" : 41, "last" : 41, "step" : 1}, "dmxBreak" : 1, "name" : "head_CTO", "offsets" : [15]}, {"bytes" : 1, "channelFunctionIndices" : {"endInclusive" : 43, "start" : 42, "first" : 42, "last" : 43, "step" : 1}, "dmxBreak" : 1, "name" : "head_ColorMacro1", "offsets" : [16]}, {"bytes" : 1, "channelFunctionIndices" : {"endInclusive" : 44, "start" : 44, "first" : 44, "last" : 44, "step" : 1}, "dmxBreak" : 1, "name" : "base_ColorMixMSpeed", "offsets" : [17]}, {"bytes" : 1, "channelFunctionIndices" : {"endInclusive" : 45, "start" : 45, "first" : 45, "last" : 45, "step" : 1}, "dmxBreak" : 1, "name" : "base_ColorMixMTime", "offsets" : [18]}, {"bytes" : 1, "channelFunctionIndices" : {"endInclusive" : 46, "start" : 46, "first" : 46, "last" : 46, "step" : 1}, "dmxBreak" : 1, "name" : "base_ZoomMSpeed", "offsets" : [19]}, {"bytes" : 1, "channelFunctionIndices" : {"endInclusive" : 48, "start" : 47, "first" : 47, "last" : 48, "step" : 1}, "dmxBreak" : 1, "name" : "base_AnimationWheel1", "offsets" : [20]}, {"bytes" : 1, "channelFunctionIndices" : {"endInclusive" : 49, "start" : 49, "first" : 49, "last" : 49, "step" : 1}, "dmxBreak" : 1, "name" : "base_AnimationWheel1Pos", "offsets" : [21]}, {"bytes" : 1, "channelFunctionIndices" : {"endInclusive" : 51, "start" : 50, "first" : 50, "last" : 51, "step" : 1}, "dmxBreak" : 1, "name" : "base_AnimationWheel1Macro", "offsets" : [22]}, {"bytes" : 1, "channelFunctionIndices" : {"endInclusive" : 56, "start" : 52, "first" : 52, "last" : 56, "step" : 1}, "dmxBreak" : 1, "name" : "head_Gobo1", "offsets" : [23]}, {"bytes" : 1, "channelFunctionIndices" : {"endInclusive" : 62, "start" : 57, "first" : 57, "last" : 62, "step" : 1}, "dmxBreak" : 1, "name" : "head_Gobo2", "offsets" : [24]}, {"bytes" : 1, "channelFunctionIndices" : {"endInclusive" : 66, "start" : 63, "first" : 63, "last" : 66, "step" : 1}, "dmxBreak" : 1, "name" : "head_Gobo2Pos", "offsets" : [25]}, {"bytes" : 1, "channelFunctionIndices" : {"endInclusive" : 68, "start" : 67, "first" : 67, "last" : 68, "step" : 1}, "dmxBreak" : 1, "name" : "head_Prism1", "offsets" : [26]}, {"bytes" : 1, "channelFunctionIndices" : {"endInclusive" : 70, "start" : 69, "first" : 69, "last" : 70, "step" : 1}, "dmxBreak" : 1, "name" : "head_Prism1Pos", "offsets" : [27]}, {"bytes" : 1, "channelFunctionIndices" : {"endInclusive" : 73, "start" : 71, "first" : 71, "last" : 73, "step" : 1}, "dmxBreak" : 1, "name" : "head_Frost1", "offsets" : [28]}, {"bytes" : 1, "channelFunctionIndices" : {"endInclusive" : 77, "start" : 74, "first" : 74, "last" : 77, "step" : 1}, "dmxBreak" : 1, "name" : "head_Iris", "offsets" : [29]}, {"bytes" : 1, "channelFunctionIndices" : {"endInclusive" : 78, "start" : 78, "first" : 78, "last" : 78, "step" : 1}, "dmxBreak" : 1, "name" : "head_Zoom", "offsets" : [30]}, {"bytes" : 1, "channelFunctionIndices" : {"endInclusive" : 79, "start" : 79, "first" : 79, "last" : 79, "step" : 1}, "dmxBreak" : 1, "name" : "head_Focus1", "offsets" : [31]}, {"bytes" : 1, "channelFunctionIndices" : {"endInclusive" : 80, "start" : 80, "first" : 80, "last" : 80, "step" : 1}, "dmxBreak" : 1, "name" : "head_ShaperRot", "offsets" : [32]}, {"bytes" : 1, "channelFunctionIndices" : {"endInclusive" : 81, "start" : 81, "first" : 81, "last" : 81, "step" : 1}, "dmxBreak" : 1, "name" : "head_Blade1A", "offsets" : [33]}, {"bytes" : 1, "channelFunctionIndices" : {"endInclusive" : 82, "start" : 82, "first" : 82, "last" : 82, "step" : 1}, "dmxBreak" : 1, "name" : "head_Blade1Rot", "offsets" : [34]}, {"bytes" : 1, "channelFunctionIndices" : {"endInclusive" : 83, "start" : 83, "first" : 83, "last" : 83, "step" : 1}, "dmxBreak" : 1, "name" : "head_Blade2A", "offsets" : [35]}, {"bytes" : 1, "channelFunctionIndices" : {"endInclusive" : 84, "start" : 84, "first" : 84, "last" : 84, "step" : 1}, "dmxBreak" : 1, "name" : "head_Blade2Rot", "offsets" : [36]}, {"bytes" : 1, "channelFunctionIndices" : {"endInclusive" : 85, "start" : 85, "first" : 85, "last" : 85, "step" : 1}, "dmxBreak" : 1, "name" : "head_Blade3A", "offsets" : [37]}, {"bytes" : 1, "channelFunctionIndices" : {"endInclusive" : 86, "start" : 86, "first" : 86, "last" : 86, "step" : 1}, "dmxBreak" : 1, "name" : "head_Blade3Rot", "offsets" : [38]}, {"bytes" : 1, "channelFunctionIndices" : {"endInclusive" : 87, "start" : 87, "first" : 87, "last" : 87, "step" : 1}, "dmxBreak" : 1, "name" : "head_Blade4A", "offsets" : [39]}, {"bytes" : 1, "channelFunctionIndices" : {"endInclusive" : 88, "start" : 88, "first" : 88, "last" : 88, "step" : 1}, "dmxBreak" : 1, "name" : "head_Blade4Rot", "offsets" : [40]}, {"bytes" : 1, "channelFunctionIndices" : {"endInclusive" : 96, "start" : 89, "first" : 89, "last" : 96, "step" : 1}, "dmxBreak" : 1, "name" : "head_Shutter1", "offsets" : [41]}, {"bytes" : 1, "channelFunctionIndices" : {"endInclusive" : 97, "start" : 97, "first" : 97, "last" : 97, "step" : 1}, "dmxBreak" : 1, "name" : "head_Dimmer", "offsets" : [42]}], "name" : "mode 2"}], "name" : "Robin Esprite"}]}