{"event" : "patchInitialState", "data" : {"fixtures" : [{"address" : 1, "dmxMode" : "mode1", "fid" : 1, "fixtureTypeId" : "7fb33577-09c9-4bf0-be3b-ef0dc3bef4be", "name" : "exampleFixture", "universe" : 1, "uuid" : "91faaa61-624b-477a-a6c2-de00c717b3e6"}], "fixtureTypes" : [{"fixtureTypeId" : "7fb33577-09c9-4bf0-be3b-ef0dc3bef4be", "manufacturer" : "Robe lighting", "modes" : [{"channelCount" : 49, "channelLayout" : [["yoke_Pan (1/2)", "yoke_Pan (2/2)", "head_Tilt (1/2)", "head_Tilt (2/2)", "base_PositionMSpeed", "base_Control1", "base_LEDFrequency", "base_LEDFrequencyAdjust", "base_IntensityIndication", "head_Color1 (1/2)", "head_Color1 (2/2)", "head_Color2 (1/2)", "head_Color2 (2/2)", "head_ColorSub_C", "head_ColorSub_M", "head_ColorSub_Y", "head_CTO", "head_ColorMacro1", "base_ColorMixMSpeed", "base_ColorMixMTime", "base_ZoomMSpeed", "base_AnimationWheel1", "base_AnimationWheel1Pos", "base_AnimationWheel1Macro", "head_Gobo1", "head_Gobo2", "head_Gobo2Pos (1/2)", "head_Gobo2Pos (2/2)", "head_Prism1", "head_Prism1Pos", "head_Frost1", "head_Iris (1/2)", "head_Iris (2/2)", "head_Zoom (1/2)", "head_Zoom (2/2)", "head_Focus1 (1/2)", "head_Focus1 (2/2)", "head_ShaperRot", "head_Blade1A", "head_Blade1Rot", "head_Blade2A", "head_Blade2Rot", "head_Blade3A", "head_Blade3Rot", "head_Blade4A", "head_Blade4Rot", "head_Shutter1", "head_Dimmer (1/2)", "head_Dimmer (2/2)"]], "multiByteChannels" : [{"bytes" : 2, "channelFunctions" : [{"dmxFrom" : 0, "dmxTo" : 65535, "name" : "Pan"}], "dmxBreak" : 1, "name" : "yoke_Pan", "offsets" : [1, 2]}, {"bytes" : 2, "channelFunctions" : [{"dmxFrom" : 0, "dmxTo" : 65535, "name" : "Tilt"}], "dmxBreak" : 1, "name" : "head_Tilt", "offsets" : [3, 4]}, {"bytes" : 1, "channelFunctions" : [{"dmxFrom" : 0, "dmxTo" : 255, "name" : "PositionMSpeed"}], "dmxBreak" : 1, "name" : "base_PositionMSpeed", "offsets" : [5]}, {"bytes" : 1, "channelFunctions" : [{"dmxFrom" : 0, "dmxTo" : 9, "name" : "NoFeature"}, {"dmxFrom" : 10, "dmxTo" : 19, "name" : "DMXInput"}, {"dmxFrom" : 20, "dmxTo" : 29, "name" : "DisplayIntensity"}, {"dmxFrom" : 30, "dmxTo" : 39, "name" : "NoFeature 4"}, {"dmxFrom" : 40, "dmxTo" : 49, "name" : "PanTiltMode"}, {"dmxFrom" : 50, "dmxTo" : 79, "name" : "BlackoutMode"}, {"dmxFrom" : 80, "dmxTo" : 89, "name" : "FanMode"}, {"dmxFrom" : 90, "dmxTo" : 99, "name" : "High Power mode"}, {"dmxFrom" : 100, "dmxTo" : 109, "name" : "NoFeature 9"}, {"dmxFrom" : 110, "dmxTo" : 119, "name" : "DimmerCurve"}, {"dmxFrom" : 120, "dmxTo" : 129, "name" : "ParkingPosition"}, {"dmxFrom" : 130, "dmxTo" : 139, "name" : "NonPositionReset"}, {"dmxFrom" : 140, "dmxTo" : 149, "name" : "PositionReset"}, {"dmxFrom" : 150, "dmxTo" : 159, "name" : "ColorMixReset"}, {"dmxFrom" : 160, "dmxTo" : 169, "name" : "GoboWheelReset"}, {"dmxFrom" : 170, "dmxTo" : 179, "name" : "NoFeature 16"}, {"dmxFrom" : 180, "dmxTo" : 189, "name" : "ZoomReset"}, {"dmxFrom" : 190, "dmxTo" : 199, "name" : "IrisReset"}, {"dmxFrom" : 200, "dmxTo" : 209, "name" : "FixtureGlobalReset"}, {"dmxFrom" : 210, "dmxTo" : 224, "name" : "NoFeature 20"}, {"dmxFrom" : 225, "dmxTo" : 239, "name" : "RoboSpot"}, {"dmxFrom" : 240, "dmxTo" : 255, "name" : "Fans"}], "dmxBreak" : 1, "name" : "base_Control1", "offsets" : [6]}, {"bytes" : 1, "channelFunctions" : [{"dmxFrom" : 0, "dmxTo" : 24, "name" : "LEDFrequency"}, {"dmxFrom" : 25, "dmxTo" : 255, "name" : "NoFeature"}], "dmxBreak" : 1, "name" : "base_LEDFrequency", "offsets" : [7]}, {"bytes" : 1, "channelFunctions" : [{"dmxFrom" : 0, "dmxTo" : 255, "name" : "LEDFrequencyAdjust"}], "dmxBreak" : 1, "name" : "base_LEDFrequencyAdjust", "offsets" : [8]}, {"bytes" : 1, "channelFunctions" : [{"dmxFrom" : 0, "dmxTo" : 100, "name" : "IntensityIndication"}, {"dmxFrom" : 101, "dmxTo" : 255, "name" : "NoFeature"}], "dmxBreak" : 1, "name" : "base_IntensityIndication", "offsets" : [9]}, {"bytes" : 2, "channelFunctions" : [{"dmxFrom" : 0, "dmxTo" : 48639, "name" : "Color1"}, {"dmxFrom" : 48640, "dmxTo" : 62463, "name" : "Color1WheelSpin"}, {"dmxFrom" : 62464, "dmxTo" : 63999, "name" : "Color1WheelAudio"}, {"dmxFrom" : 64000, "dmxTo" : 65535, "name" : "Color1WheelRandom"}], "dmxBreak" : 1, "name" : "head_Color1", "offsets" : [10, 11]}, {"bytes" : 2, "channelFunctions" : [{"dmxFrom" : 0, "dmxTo" : 48639, "name" : "Color2"}, {"dmxFrom" : 48640, "dmxTo" : 62463, "name" : "Color2WheelSpin"}, {"dmxFrom" : 62464, "dmxTo" : 63999, "name" : "Color2WheelAudio"}, {"dmxFrom" : 64000, "dmxTo" : 65535, "name" : "Color2WheelRandom"}], "dmxBreak" : 1, "name" : "head_Color2", "offsets" : [12, 13]}, {"bytes" : 1, "channelFunctions" : [{"dmxFrom" : 0, "dmxTo" : 255, "name" : "Cyan"}], "dmxBreak" : 1, "name" : "head_ColorSub_C", "offsets" : [14]}, {"bytes" : 1, "channelFunctions" : [{"dmxFrom" : 0, "dmxTo" : 255, "name" : "Magenta"}], "dmxBreak" : 1, "name" : "head_ColorSub_M", "offsets" : [15]}, {"bytes" : 1, "channelFunctions" : [{"dmxFrom" : 0, "dmxTo" : 255, "name" : "Yellow"}], "dmxBreak" : 1, "name" : "head_ColorSub_Y", "offsets" : [16]}, {"bytes" : 1, "channelFunctions" : [{"dmxFrom" : 0, "dmxTo" : 255, "name" : "CTO"}], "dmxBreak" : 1, "name" : "head_CTO", "offsets" : [17]}, {"bytes" : 1, "channelFunctions" : [{"dmxFrom" : 0, "dmxTo" : 132, "name" : "ColorMacro"}, {"dmxFrom" : 133, "dmxTo" : 255, "name" : "NoFeature"}], "dmxBreak" : 1, "name" : "head_ColorMacro1", "offsets" : [18]}, {"bytes" : 1, "channelFunctions" : [{"dmxFrom" : 0, "dmxTo" : 255, "name" : "CMY CTO Gobo speed"}], "dmxBreak" : 1, "name" : "base_ColorMixMSpeed", "offsets" : [19]}, {"bytes" : 1, "channelFunctions" : [{"dmxFrom" : 0, "dmxTo" : 255, "name" : "ColorMixMTime"}], "dmxBreak" : 1, "name" : "base_ColorMixMTime", "offsets" : [20]}, {"bytes" : 1, "channelFunctions" : [{"dmxFrom" : 0, "dmxTo" : 255, "name" : "EffetsTime"}], "dmxBreak" : 1, "name" : "base_ZoomMSpeed", "offsets" : [21]}, {"bytes" : 1, "channelFunctions" : [{"dmxFrom" : 0, "dmxTo" : 127, "name" : "EffectWheelIndex"}, {"dmxFrom" : 128, "dmxTo" : 255, "name" : "EffectWheelRamp"}], "dmxBreak" : 1, "name" : "base_AnimationWheel1", "offsets" : [22]}, {"bytes" : 1, "channelFunctions" : [{"dmxFrom" : 0, "dmxTo" : 255, "name" : "AnimationWheel1PosRotate 1"}], "dmxBreak" : 1, "name" : "base_AnimationWheel1Pos", "offsets" : [23]}, {"bytes" : 1, "channelFunctions" : [{"dmxFrom" : 0, "dmxTo" : 27, "name" : "AnimationWheel1Macro"}, {"dmxFrom" : 28, "dmxTo" : 255, "name" : "NoFeature"}], "dmxBreak" : 1, "name" : "base_AnimationWheel1Macro", "offsets" : [24]}, {"bytes" : 1, "channelFunctions" : [{"dmxFrom" : 0, "dmxTo" : 91, "name" : "StaticGobo"}, {"dmxFrom" : 92, "dmxTo" : 201, "name" : "StaticGoboShake"}, {"dmxFrom" : 202, "dmxTo" : 243, "name" : "StaticGoboSpin"}, {"dmxFrom" : 244, "dmxTo" : 249, "name" : "StaticGoboAudio"}, {"dmxFrom" : 250, "dmxTo" : 255, "name" : "StaticGoboRandom"}], "dmxBreak" : 1, "name" : "head_Gobo1", "offsets" : [25]}, {"bytes" : 1, "channelFunctions" : [{"dmxFrom" : 0, "dmxTo" : 31, "name" : "RotatingGobo index"}, {"dmxFrom" : 32, "dmxTo" : 59, "name" : "RotatingGobo rotate"}, {"dmxFrom" : 60, "dmxTo" : 129, "name" : "RotatingGoboShake index"}, {"dmxFrom" : 130, "dmxTo" : 201, "name" : "RotatingGoboShake rotation"}, {"dmxFrom" : 202, "dmxTo" : 243, "name" : "RotatingGoboSpin"}, {"dmxFrom" : 244, "dmxTo" : 249, "name" : "RotatingGoboAudio"}, {"dmxFrom" : 250, "dmxTo" : 255, "name" : "RotatingGoboRandom"}], "dmxBreak" : 1, "name" : "head_Gobo2", "offsets" : [26]}, {"bytes" : 2, "channelFunctions" : [{"dmxFrom" : 0, "dmxTo" : 65535, "name" : "RotatingGoboPosIndex"}, {"dmxFrom" : 0, "dmxTo" : 65535, "name" : "RotatingShakePosIndex"}, {"dmxFrom" : 0, "dmxTo" : 65535, "name" : "RotatingGoboPosRotation"}, {"dmxFrom" : 0, "dmxTo" : 65535, "name" : "RotatingGoboShakePosRotation "}], "dmxBreak" : 1, "name" : "head_Gobo2Pos", "offsets" : [27, 28]}, {"bytes" : 1, "channelFunctions" : [{"dmxFrom" : 0, "dmxTo" : 127, "name" : "Prism"}, {"dmxFrom" : 128, "dmxTo" : 255, "name" : "PrismMacro"}], "dmxBreak" : 1, "name" : "head_Prism1", "offsets" : [29]}, {"bytes" : 1, "channelFunctions" : [{"dmxFrom" : 0, "dmxTo" : 255, "name" : "PrismPos"}, {"dmxFrom" : 0, "dmxTo" : 255, "name" : "PrismPosRotate"}], "dmxBreak" : 1, "name" : "head_Prism1Pos", "offsets" : [30]}, {"bytes" : 1, "channelFunctions" : [{"dmxFrom" : 0, "dmxTo" : 83, "name" : "Light Frost"}, {"dmxFrom" : 84, "dmxTo" : 169, "name" : "Medium Frost"}, {"dmxFrom" : 170, "dmxTo" : 255, "name" : "Combined Frost"}], "dmxBreak" : 1, "name" : "head_Frost1", "offsets" : [31]}, {"bytes" : 2, "channelFunctions" : [{"dmxFrom" : 0, "dmxTo" : 49151, "name" : "Iris"}, {"dmxFrom" : 49152, "dmxTo" : 56319, "name" : "IrisPulseOpen"}, {"dmxFrom" : 56320, "dmxTo" : 63487, "name" : "IrisPulseClose"}, {"dmxFrom" : 63488, "dmxTo" : 65535, "name" : "IrisStrobeRandom"}], "dmxBreak" : 1, "name" : "head_Iris", "offsets" : [32, 33]}, {"bytes" : 2, "channelFunctions" : [{"dmxFrom" : 0, "dmxTo" : 65535, "name" : "Zoom"}], "dmxBreak" : 1, "name" : "head_Zoom", "offsets" : [34, 35]}, {"bytes" : 2, "channelFunctions" : [{"dmxFrom" : 0, "dmxTo" : 65535, "name" : "Focus"}], "dmxBreak" : 1, "name" : "head_Focus1", "offsets" : [36, 37]}, {"bytes" : 1, "channelFunctions" : [{"dmxFrom" : 0, "dmxTo" : 255, "name" : "ShaperRot"}], "dmxBreak" : 1, "name" : "head_ShaperRot", "offsets" : [38]}, {"bytes" : 1, "channelFunctions" : [{"dmxFrom" : 0, "dmxTo" : 255, "name" : "Blade 1 - movement"}], "dmxBreak" : 1, "name" : "head_Blade1A", "offsets" : [39]}, {"bytes" : 1, "channelFunctions" : [{"dmxFrom" : 0, "dmxTo" : 255, "name" : "Blade 1 - swivelling"}], "dmxBreak" : 1, "name" : "head_Blade1Rot", "offsets" : [40]}, {"bytes" : 1, "channelFunctions" : [{"dmxFrom" : 0, "dmxTo" : 255, "name" : "Blade 2 - movement"}], "dmxBreak" : 1, "name" : "head_Blade2A", "offsets" : [41]}, {"bytes" : 1, "channelFunctions" : [{"dmxFrom" : 0, "dmxTo" : 255, "name" : "Blade 2 - swivelling"}], "dmxBreak" : 1, "name" : "head_Blade2Rot", "offsets" : [42]}, {"bytes" : 1, "channelFunctions" : [{"dmxFrom" : 0, "dmxTo" : 255, "name" : "Blade 3 - movement"}], "dmxBreak" : 1, "name" : "head_Blade3A", "offsets" : [43]}, {"bytes" : 1, "channelFunctions" : [{"dmxFrom" : 0, "dmxTo" : 255, "name" : "Blade 3 - swivelling"}], "dmxBreak" : 1, "name" : "head_Blade3Rot", "offsets" : [44]}, {"bytes" : 1, "channelFunctions" : [{"dmxFrom" : 0, "dmxTo" : 255, "name" : "Blade 4 - movement"}], "dmxBreak" : 1, "name" : "head_Blade4A", "offsets" : [45]}, {"bytes" : 1, "channelFunctions" : [{"dmxFrom" : 0, "dmxTo" : 255, "name" : "Blade 4 - swivelling"}], "dmxBreak" : 1, "name" : "head_Blade4Rot", "offsets" : [46]}, {"bytes" : 1, "channelFunctions" : [{"dmxFrom" : 0, "dmxTo" : 63, "name" : "Shutter 1"}, {"dmxFrom" : 64, "dmxTo" : 95, "name" : "Strobe "}, {"dmxFrom" : 96, "dmxTo" : 127, "name" : "Shutter 2"}, {"dmxFrom" : 128, "dmxTo" : 143, "name" : "StrobePulseOpen"}, {"dmxFrom" : 144, "dmxTo" : 159, "name" : "StrobePulseClose"}, {"dmxFrom" : 160, "dmxTo" : 191, "name" : "Shutter 3"}, {"dmxFrom" : 192, "dmxTo" : 223, "name" : "StrobeRandom"}, {"dmxFrom" : 224, "dmxTo" : 255, "name" : "Shutter 4"}], "dmxBreak" : 1, "name" : "head_Shutter1", "offsets" : [47]}, {"bytes" : 2, "channelFunctions" : [{"dmxFrom" : 0, "dmxTo" : 65535, "name" : "Dimmer"}], "dmxBreak" : 1, "name" : "head_Dimmer", "offsets" : [48, 49]}], "name" : "mode1"}, {"channelCount" : 42, "channelLayout" : [["yoke_Pan (1/2)", "yoke_Pan (2/2)", "head_Tilt (1/2)", "head_Tilt (2/2)", "base_PositionMSpeed", "base_Control1", "base_LEDFrequency", "base_LEDFrequencyAdjust", "base_IntensityIndication", "head_Color1", "head_Color2", "head_ColorSub_C", "head_ColorSub_M", "head_ColorSub_Y", "head_CTO", "head_ColorMacro1", "base_ColorMixMSpeed", "base_ColorMixMTime", "base_ZoomMSpeed", "base_AnimationWheel1", "base_AnimationWheel1Pos", "base_AnimationWheel1Macro", "head_Gobo1", "head_Gobo2", "head_Gobo2Pos", "head_Prism1", "head_Prism1Pos", "head_Frost1", "head_Iris", "head_Zoom", "head_Focus1", "head_ShaperRot", "head_Blade1A", "head_Blade1Rot", "head_Blade2A", "head_Blade2Rot", "head_Blade3A", "head_Blade3Rot", "head_Blade4A", "head_Blade4Rot", "head_Shutter1", "head_Dimmer"]], "multiByteChannels" : [{"bytes" : 2, "channelFunctions" : [{"dmxFrom" : 0, "dmxTo" : 65535, "name" : "Pan"}], "dmxBreak" : 1, "name" : "yoke_Pan", "offsets" : [1, 2]}, {"bytes" : 2, "channelFunctions" : [{"dmxFrom" : 0, "dmxTo" : 65535, "name" : "Tilt"}], "dmxBreak" : 1, "name" : "head_Tilt", "offsets" : [3, 4]}, {"bytes" : 1, "channelFunctions" : [{"dmxFrom" : 0, "dmxTo" : 255, "name" : "PositionMSpeed"}], "dmxBreak" : 1, "name" : "base_PositionMSpeed", "offsets" : [5]}, {"bytes" : 1, "channelFunctions" : [{"dmxFrom" : 0, "dmxTo" : 9, "name" : "NoFeature"}, {"dmxFrom" : 10, "dmxTo" : 19, "name" : "DMXInput"}, {"dmxFrom" : 20, "dmxTo" : 29, "name" : "DisplayIntensity"}, {"dmxFrom" : 30, "dmxTo" : 39, "name" : "NoFeature 4"}, {"dmxFrom" : 40, "dmxTo" : 49, "name" : "PanTiltMode"}, {"dmxFrom" : 50, "dmxTo" : 79, "name" : "BlackoutMode"}, {"dmxFrom" : 80, "dmxTo" : 89, "name" : "FanMode"}, {"dmxFrom" : 90, "dmxTo" : 99, "name" : "High Power mode"}, {"dmxFrom" : 100, "dmxTo" : 109, "name" : "NoFeature 9"}, {"dmxFrom" : 110, "dmxTo" : 119, "name" : "DimmerCurve"}, {"dmxFrom" : 120, "dmxTo" : 129, "name" : "ParkingPosition"}, {"dmxFrom" : 130, "dmxTo" : 139, "name" : "NonPositionReset"}, {"dmxFrom" : 140, "dmxTo" : 149, "name" : "PositionReset"}, {"dmxFrom" : 150, "dmxTo" : 159, "name" : "ColorMixReset"}, {"dmxFrom" : 160, "dmxTo" : 169, "name" : "GoboWheelReset"}, {"dmxFrom" : 170, "dmxTo" : 179, "name" : "NoFeature 16"}, {"dmxFrom" : 180, "dmxTo" : 189, "name" : "ZoomReset"}, {"dmxFrom" : 190, "dmxTo" : 199, "name" : "IrisReset"}, {"dmxFrom" : 200, "dmxTo" : 209, "name" : "FixtureGlobalReset"}, {"dmxFrom" : 210, "dmxTo" : 224, "name" : "NoFeature 20"}, {"dmxFrom" : 225, "dmxTo" : 239, "name" : "RoboSpot"}, {"dmxFrom" : 240, "dmxTo" : 255, "name" : "Fans"}], "dmxBreak" : 1, "name" : "base_Control1", "offsets" : [6]}, {"bytes" : 1, "channelFunctions" : [{"dmxFrom" : 0, "dmxTo" : 24, "name" : "LEDFrequency"}, {"dmxFrom" : 25, "dmxTo" : 255, "name" : "NoFeature"}], "dmxBreak" : 1, "name" : "base_LEDFrequency", "offsets" : [7]}, {"bytes" : 1, "channelFunctions" : [{"dmxFrom" : 0, "dmxTo" : 255, "name" : "LEDFrequencyAdjust"}], "dmxBreak" : 1, "name" : "base_LEDFrequencyAdjust", "offsets" : [8]}, {"bytes" : 1, "channelFunctions" : [{"dmxFrom" : 0, "dmxTo" : 100, "name" : "IntensityIndication"}, {"dmxFrom" : 101, "dmxTo" : 255, "name" : "NoFeature"}], "dmxBreak" : 1, "name" : "base_IntensityIndication", "offsets" : [9]}, {"bytes" : 1, "channelFunctions" : [{"dmxFrom" : 0, "dmxTo" : 189, "name" : "Color1"}, {"dmxFrom" : 190, "dmxTo" : 243, "name" : "Color1WheelSpin"}, {"dmxFrom" : 244, "dmxTo" : 249, "name" : "Color1WheelAudio"}, {"dmxFrom" : 250, "dmxTo" : 255, "name" : "Color1WheelRandom"}], "dmxBreak" : 1, "name" : "head_Color1", "offsets" : [10]}, {"bytes" : 1, "channelFunctions" : [{"dmxFrom" : 0, "dmxTo" : 189, "name" : "Color2"}, {"dmxFrom" : 190, "dmxTo" : 243, "name" : "Color2WheelSpin"}, {"dmxFrom" : 244, "dmxTo" : 249, "name" : "Color2WheelAudio"}, {"dmxFrom" : 250, "dmxTo" : 255, "name" : "Color2WheelRandom"}], "dmxBreak" : 1, "name" : "head_Color2", "offsets" : [11]}, {"bytes" : 1, "channelFunctions" : [{"dmxFrom" : 0, "dmxTo" : 255, "name" : "Cyan"}], "dmxBreak" : 1, "name" : "head_ColorSub_C", "offsets" : [12]}, {"bytes" : 1, "channelFunctions" : [{"dmxFrom" : 0, "dmxTo" : 255, "name" : "Magenta"}], "dmxBreak" : 1, "name" : "head_ColorSub_M", "offsets" : [13]}, {"bytes" : 1, "channelFunctions" : [{"dmxFrom" : 0, "dmxTo" : 255, "name" : "Yellow"}], "dmxBreak" : 1, "name" : "head_ColorSub_Y", "offsets" : [14]}, {"bytes" : 1, "channelFunctions" : [{"dmxFrom" : 0, "dmxTo" : 255, "name" : "CTO"}], "dmxBreak" : 1, "name" : "head_CTO", "offsets" : [15]}, {"bytes" : 1, "channelFunctions" : [{"dmxFrom" : 0, "dmxTo" : 132, "name" : "ColorMacro"}, {"dmxFrom" : 133, "dmxTo" : 255, "name" : "NoFeature"}], "dmxBreak" : 1, "name" : "head_ColorMacro1", "offsets" : [16]}, {"bytes" : 1, "channelFunctions" : [{"dmxFrom" : 0, "dmxTo" : 255, "name" : "CMY CTO Gobo speed"}], "dmxBreak" : 1, "name" : "base_ColorMixMSpeed", "offsets" : [17]}, {"bytes" : 1, "channelFunctions" : [{"dmxFrom" : 0, "dmxTo" : 255, "name" : "ColorMixMTime"}], "dmxBreak" : 1, "name" : "base_ColorMixMTime", "offsets" : [18]}, {"bytes" : 1, "channelFunctions" : [{"dmxFrom" : 0, "dmxTo" : 255, "name" : "EffetsTime"}], "dmxBreak" : 1, "name" : "base_ZoomMSpeed", "offsets" : [19]}, {"bytes" : 1, "channelFunctions" : [{"dmxFrom" : 0, "dmxTo" : 127, "name" : "EffectWheelIndex"}, {"dmxFrom" : 128, "dmxTo" : 255, "name" : "EffectWheelRamp"}], "dmxBreak" : 1, "name" : "base_AnimationWheel1", "offsets" : [20]}, {"bytes" : 1, "channelFunctions" : [{"dmxFrom" : 0, "dmxTo" : 255, "name" : "AnimationWheel1PosRotate 1"}], "dmxBreak" : 1, "name" : "base_AnimationWheel1Pos", "offsets" : [21]}, {"bytes" : 1, "channelFunctions" : [{"dmxFrom" : 0, "dmxTo" : 27, "name" : "AnimationWheel1Macro"}, {"dmxFrom" : 28, "dmxTo" : 255, "name" : "NoFeature"}], "dmxBreak" : 1, "name" : "base_AnimationWheel1Macro", "offsets" : [22]}, {"bytes" : 1, "channelFunctions" : [{"dmxFrom" : 0, "dmxTo" : 91, "name" : "StaticGobo"}, {"dmxFrom" : 92, "dmxTo" : 201, "name" : "StaticGoboShake"}, {"dmxFrom" : 202, "dmxTo" : 243, "name" : "StaticGoboSpin"}, {"dmxFrom" : 244, "dmxTo" : 249, "name" : "StaticGoboAudio"}, {"dmxFrom" : 250, "dmxTo" : 255, "name" : "StaticGoboRandom"}], "dmxBreak" : 1, "name" : "head_Gobo1", "offsets" : [23]}, {"bytes" : 1, "channelFunctions" : [{"dmxFrom" : 0, "dmxTo" : 31, "name" : "RotatingGobo index"}, {"dmxFrom" : 32, "dmxTo" : 59, "name" : "RotatingGobo rotate"}, {"dmxFrom" : 60, "dmxTo" : 201, "name" : "RotatingGoboShake"}, {"dmxFrom" : 202, "dmxTo" : 243, "name" : "RotatingGoboSpin"}, {"dmxFrom" : 244, "dmxTo" : 249, "name" : "RotatingGoboAudio"}, {"dmxFrom" : 250, "dmxTo" : 255, "name" : "RotatingGoboRandom"}], "dmxBreak" : 1, "name" : "head_Gobo2", "offsets" : [24]}, {"bytes" : 1, "channelFunctions" : [{"dmxFrom" : 0, "dmxTo" : 255, "name" : "RotatingGoboPosIndex"}, {"dmxFrom" : 0, "dmxTo" : 255, "name" : "RotatingShakePosIndex"}, {"dmxFrom" : 0, "dmxTo" : 255, "name" : "RotatingGoboPosRotation"}, {"dmxFrom" : 0, "dmxTo" : 255, "name" : "RotatingGoboShakePosRotation "}], "dmxBreak" : 1, "name" : "head_Gobo2Pos", "offsets" : [25]}, {"bytes" : 1, "channelFunctions" : [{"dmxFrom" : 0, "dmxTo" : 127, "name" : "Prism"}, {"dmxFrom" : 128, "dmxTo" : 255, "name" : "PrismMacro"}], "dmxBreak" : 1, "name" : "head_Prism1", "offsets" : [26]}, {"bytes" : 1, "channelFunctions" : [{"dmxFrom" : 0, "dmxTo" : 255, "name" : "PrismPos"}, {"dmxFrom" : 0, "dmxTo" : 255, "name" : "PrismPosRotate"}], "dmxBreak" : 1, "name" : "head_Prism1Pos", "offsets" : [27]}, {"bytes" : 1, "channelFunctions" : [{"dmxFrom" : 0, "dmxTo" : 83, "name" : "Light Frost"}, {"dmxFrom" : 84, "dmxTo" : 169, "name" : "Medium Frost"}, {"dmxFrom" : 170, "dmxTo" : 255, "name" : "Combined Frost"}], "dmxBreak" : 1, "name" : "head_Frost1", "offsets" : [28]}, {"bytes" : 1, "channelFunctions" : [{"dmxFrom" : 0, "dmxTo" : 191, "name" : "Iris"}, {"dmxFrom" : 192, "dmxTo" : 219, "name" : "IrisPulseOpen"}, {"dmxFrom" : 220, "dmxTo" : 247, "name" : "IrisPulseClose"}, {"dmxFrom" : 248, "dmxTo" : 255, "name" : "IrisStrobeRandom"}], "dmxBreak" : 1, "name" : "head_Iris", "offsets" : [29]}, {"bytes" : 1, "channelFunctions" : [{"dmxFrom" : 0, "dmxTo" : 255, "name" : "Zoom"}], "dmxBreak" : 1, "name" : "head_Zoom", "offsets" : [30]}, {"bytes" : 1, "channelFunctions" : [{"dmxFrom" : 0, "dmxTo" : 255, "name" : "Focus"}], "dmxBreak" : 1, "name" : "head_Focus1", "offsets" : [31]}, {"bytes" : 1, "channelFunctions" : [{"dmxFrom" : 0, "dmxTo" : 255, "name" : "ShaperRot"}], "dmxBreak" : 1, "name" : "head_ShaperRot", "offsets" : [32]}, {"bytes" : 1, "channelFunctions" : [{"dmxFrom" : 0, "dmxTo" : 255, "name" : "Blade 1 - movement"}], "dmxBreak" : 1, "name" : "head_Blade1A", "offsets" : [33]}, {"bytes" : 1, "channelFunctions" : [{"dmxFrom" : 0, "dmxTo" : 255, "name" : "Blade 1 - swivelling"}], "dmxBreak" : 1, "name" : "head_Blade1Rot", "offsets" : [34]}, {"bytes" : 1, "channelFunctions" : [{"dmxFrom" : 0, "dmxTo" : 255, "name" : "Blade 2 - movement"}], "dmxBreak" : 1, "name" : "head_Blade2A", "offsets" : [35]}, {"bytes" : 1, "channelFunctions" : [{"dmxFrom" : 0, "dmxTo" : 255, "name" : "Blade 2 - swivelling"}], "dmxBreak" : 1, "name" : "head_Blade2Rot", "offsets" : [36]}, {"bytes" : 1, "channelFunctions" : [{"dmxFrom" : 0, "dmxTo" : 255, "name" : "Blade 3 - movement"}], "dmxBreak" : 1, "name" : "head_Blade3A", "offsets" : [37]}, {"bytes" : 1, "channelFunctions" : [{"dmxFrom" : 0, "dmxTo" : 255, "name" : "Blade 3 - swivelling"}], "dmxBreak" : 1, "name" : "head_Blade3Rot", "offsets" : [38]}, {"bytes" : 1, "channelFunctions" : [{"dmxFrom" : 0, "dmxTo" : 255, "name" : "Blade 4 - movement"}], "dmxBreak" : 1, "name" : "head_Blade4A", "offsets" : [39]}, {"bytes" : 1, "channelFunctions" : [{"dmxFrom" : 0, "dmxTo" : 255, "name" : "Blade 4 - swivelling"}], "dmxBreak" : 1, "name" : "head_Blade4Rot", "offsets" : [40]}, {"bytes" : 1, "channelFunctions" : [{"dmxFrom" : 0, "dmxTo" : 63, "name" : "Shutter 1"}, {"dmxFrom" : 64, "dmxTo" : 95, "name" : "Strobe "}, {"dmxFrom" : 96, "dmxTo" : 127, "name" : "Shutter 2"}, {"dmxFrom" : 128, "dmxTo" : 143, "name" : "StrobePulseOpen"}, {"dmxFrom" : 144, "dmxTo" : 159, "name" : "StrobePulseClose"}, {"dmxFrom" : 160, "dmxTo" : 191, "name" : "Shutter 3"}, {"dmxFrom" : 192, "dmxTo" : 223, "name" : "StrobeRandom"}, {"dmxFrom" : 224, "dmxTo" : 255, "name" : "Shutter 4"}], "dmxBreak" : 1, "name" : "head_Shutter1", "offsets" : [41]}, {"bytes" : 1, "channelFunctions" : [{"dmxFrom" : 0, "dmxTo" : 255, "name" : "Dimmer"}], "dmxBreak" : 1, "name" : "head_Dimmer", "offsets" : [42]}], "name" : "mode 2"}], "name" : "Robin Esprite"}]}}