{"event" : "rigState", "data" : {"91faaa61-624b-477a-a6c2-de00c717b3e6": {"chFDisabled" : [null, null, null, null, null, null, null, null, null, null, null, null, null, null, null, null, null, null, null, null, null, null, null, null, null, null, null, null, null, null, null, null, null, null, null, null, null, null, null, null, null, null, null, null, null, null, null, null, null, null, null, null, null, null, null, null, null, null, null, null, null, null, null, null, null, null, null, null, null, null, null, null, null, null, null, null, null, null, null, null, null, null, null, null, null, null, null, null, "head_Gobo2 must be 60-127", "head_Gobo2 must be 32-59", "head_Gobo2 must be 130-199", null, null, null, null, "head_Prism1 must be 20-73", "head_Prism1 must be 74-127", null, null, null, null, null, null, null, null, null, null, null, null, null, null, null, null, null, null, null, null, null, null, null, null, null, null, null, null, null, null, null, null, null, null, null, null, null, null, null, null, null, null], "chValues" : [0, 32768, 0, 0, 10, 128, 0, 0, 0, 0, 0, 0, 0, 0, 0, 0, 0, 0, 128, 0, 0, 0, 32767, 0, 128, 0, 0, 32768, 32768, 128, 0, 128, 0, 128, 0, 128, 0, 128, 32, 0]}}}